// Bun Snapshot v1, https://goo.gl/fbAQLP

exports[`PromptSignModalInner should render 1`] = `
"<DocumentFragment>
  <div
    class="_14der0i88"
    data-interchain-ui-provider="true"
    data-is-controlled="false"
    style="visibility: visible;"
  />
</DocumentFragment>"
`;

exports[`PromptSignModalInner should not be visible initially when visible prop is false 1`] = `
"<DocumentFragment>
  <div
    class="_14der0i88"
    data-interchain-ui-provider="true"
    data-is-controlled="false"
    style="visibility: visible;"
  />
</DocumentFragment>"
`;
